/Users/john/Projects/OpenSource/thucydides/smoketests/flying-high-tests/src/main/java/com/bddinaction/flyinghigh/model/Airport.java
/Users/john/Projects/OpenSource/thucydides/smoketests/flying-high-tests/src/main/java/com/bddinaction/flyinghigh/model/Flight.java
/Users/john/Projects/OpenSource/thucydides/smoketests/flying-high-tests/src/main/java/com/bddinaction/flyinghigh/services/FlightService.java
/Users/john/Projects/OpenSource/thucydides/smoketests/flying-high-tests/src/main/java/com/bddinaction/flyinghigh/services/FrequentFlyerFlightService.java
/Users/john/Projects/OpenSource/thucydides/smoketests/flying-high-tests/src/main/java/com/bddinaction/flyinghigh/services/StatusService.java
/Users/john/Projects/OpenSource/thucydides/smoketests/flying-high-tests/src/main/java/com/bddinaction/flyinghigh/services/InMemoryStatusService.java
/Users/john/Projects/OpenSource/thucydides/smoketests/flying-high-tests/src/main/java/com/bddinaction/flyinghigh/package-info.java
/Users/john/Projects/OpenSource/thucydides/smoketests/flying-high-tests/src/main/java/com/bddinaction/flyinghigh/model/FrequentFlyer.java
/Users/john/Projects/OpenSource/thucydides/smoketests/flying-high-tests/src/main/java/com/bddinaction/flyinghigh/services/AirportService.java
/Users/john/Projects/OpenSource/thucydides/smoketests/flying-high-tests/src/main/java/com/bddinaction/flyinghigh/model/FrequentFlyerStatusService.java
/Users/john/Projects/OpenSource/thucydides/smoketests/flying-high-tests/src/main/java/com/bddinaction/flyinghigh/model/Status.java
