com/bddinaction/flyinghigh/jbehave/pages/BookingPage.class
com/bddinaction/flyinghigh/jbehave/BookingAFlight.class
com/bddinaction/flyinghigh/jbehave/DisplayingFlightDetails.class
com/bddinaction/flyinghigh/jbehave/ShowFeaturedDestinations.class
com/bddinaction/flyinghigh/model/WhenManagingFrequentFlyerMemberStatusUpdates.class
com/bddinaction/flyinghigh/jbehave/steps/FeaturedDestinationSteps.class
com/bddinaction/flyinghigh/Application$ViewingFlights.class
com/bddinaction/flyinghigh/jbehave/AcceptanceTestSuite.class
com/bddinaction/flyinghigh/jbehave/steps/persona/FrequentFlyerPersona.class
com/bddinaction/flyinghigh/jbehave/pages/BookingPage$2.class
com/bddinaction/flyinghigh/jbehave/model/DestinationDeal.class
com/bddinaction/flyinghigh/jbehave/steps/EarningPointsFromFlights.class
com/bddinaction/flyinghigh/model/WhenFindingAirports.class
com/bddinaction/flyinghigh/jbehave/pages/LoginPage.class
com/bddinaction/flyinghigh/jbehave/model/FrequentFlyerMember.class
com/bddinaction/flyinghigh/jbehave/steps/EarningStatus.class
com/bddinaction/flyinghigh/Application.class
com/bddinaction/flyinghigh/Application$ViewingFlights$displaying_flight_details.class
com/bddinaction/flyinghigh/jbehave/steps/LoginSteps.class
com/bddinaction/flyinghigh/jbehave/EarningPointsFromPurchases.class
com/bddinaction/flyinghigh/jbehave/pages/HomePage.class
com/bddinaction/flyinghigh/jbehave/EarningExtraPointsFromStatus.class
com/bddinaction/flyinghigh/model/WhenCheckingMinimumStatusPoints.class
com/bddinaction/flyinghigh/jbehave/flowsteps/AuthenticationFlowSteps.class
com/bddinaction/flyinghigh/jbehave/steps/BookingAFlightSteps.class
com/bddinaction/flyinghigh/jbehave/steps/UserAuthenticationSteps.class
com/bddinaction/flyinghigh/jbehave/steps/FlightDetailsSteps.class
com/bddinaction/flyinghigh/jbehave/UserAuthentication.class
com/bddinaction/flyinghigh/jbehave/pages/BookingPage$1.class
com/bddinaction/flyinghigh/jbehave/pages/components/MainMenu.class
com/bddinaction/flyinghigh/model/WhenRetrievingFlightDetails.class
com/bddinaction/flyinghigh/jbehave/EarningPointsFromSpecialOffers.class
com/bddinaction/flyinghigh/jbehave/steps/FrequentFlyerSteps.class
com/bddinaction/flyinghigh/junit/WhenViewingFeaturedDestinations.class
com/bddinaction/flyinghigh/model/WhenEarningStatus.class
com/bddinaction/flyinghigh/jbehave/flowsteps/TravellerFlowSteps.class
