/Users/john/Projects/OpenSource/thucydides/smoketests/flying-high-tests/src/test/java/com/bddinaction/flyinghigh/jbehave/model/FrequentFlyerMember.java
/Users/john/Projects/OpenSource/thucydides/smoketests/flying-high-tests/target/generated-sources/groovy-stubs/test/com/bddinaction/flyinghigh/model/WhenEarningStatus.java
/Users/john/Projects/OpenSource/thucydides/smoketests/flying-high-tests/src/test/java/com/bddinaction/flyinghigh/jbehave/ShowFeaturedDestinations.java
/Users/john/Projects/OpenSource/thucydides/smoketests/flying-high-tests/src/test/java/com/bddinaction/flyinghigh/jbehave/pages/BookingPage.java
/Users/john/Projects/OpenSource/thucydides/smoketests/flying-high-tests/src/test/java/com/bddinaction/flyinghigh/jbehave/steps/FlightDetailsSteps.java
/Users/john/Projects/OpenSource/thucydides/smoketests/flying-high-tests/src/test/java/com/bddinaction/flyinghigh/jbehave/steps/LoginSteps.java
/Users/john/Projects/OpenSource/thucydides/smoketests/flying-high-tests/src/test/java/com/bddinaction/flyinghigh/jbehave/UserAuthentication.java
/Users/john/Projects/OpenSource/thucydides/smoketests/flying-high-tests/target/generated-sources/groovy-stubs/test/com/bddinaction/flyinghigh/model/WhenCheckingMinimumStatusPoints.java
/Users/john/Projects/OpenSource/thucydides/smoketests/flying-high-tests/src/test/java/com/bddinaction/flyinghigh/jbehave/steps/BookingAFlightSteps.java
/Users/john/Projects/OpenSource/thucydides/smoketests/flying-high-tests/src/test/java/com/bddinaction/flyinghigh/jbehave/model/DestinationDeal.java
/Users/john/Projects/OpenSource/thucydides/smoketests/flying-high-tests/src/test/java/com/bddinaction/flyinghigh/jbehave/steps/FrequentFlyerSteps.java
/Users/john/Projects/OpenSource/thucydides/smoketests/flying-high-tests/src/test/java/com/bddinaction/flyinghigh/jbehave/EarningExtraPointsFromStatus.java
/Users/john/Projects/OpenSource/thucydides/smoketests/flying-high-tests/target/generated-sources/groovy-stubs/test/com/bddinaction/flyinghigh/model/WhenFindingAirports.java
/Users/john/Projects/OpenSource/thucydides/smoketests/flying-high-tests/src/test/java/com/bddinaction/flyinghigh/jbehave/flowsteps/TravellerFlowSteps.java
/Users/john/Projects/OpenSource/thucydides/smoketests/flying-high-tests/src/test/java/com/bddinaction/flyinghigh/jbehave/pages/HomePage.java
/Users/john/Projects/OpenSource/thucydides/smoketests/flying-high-tests/target/generated-sources/groovy-stubs/test/com/bddinaction/flyinghigh/model/WhenRetrievingFlightDetails.java
/Users/john/Projects/OpenSource/thucydides/smoketests/flying-high-tests/src/test/java/com/bddinaction/flyinghigh/jbehave/steps/EarningPointsFromFlights.java
/Users/john/Projects/OpenSource/thucydides/smoketests/flying-high-tests/src/test/java/com/bddinaction/flyinghigh/jbehave/package-info.java
/Users/john/Projects/OpenSource/thucydides/smoketests/flying-high-tests/src/test/java/com/bddinaction/flyinghigh/junit/WhenViewingFeaturedDestinations.java
/Users/john/Projects/OpenSource/thucydides/smoketests/flying-high-tests/src/test/java/com/bddinaction/flyinghigh/jbehave/steps/EarningStatus.java
/Users/john/Projects/OpenSource/thucydides/smoketests/flying-high-tests/src/test/java/com/bddinaction/flyinghigh/jbehave/EarningPointsFromSpecialOffers.java
/Users/john/Projects/OpenSource/thucydides/smoketests/flying-high-tests/src/test/java/com/bddinaction/flyinghigh/jbehave/EarningPointsFromPurchases.java
/Users/john/Projects/OpenSource/thucydides/smoketests/flying-high-tests/src/test/java/com/bddinaction/flyinghigh/jbehave/steps/UserAuthenticationSteps.java
/Users/john/Projects/OpenSource/thucydides/smoketests/flying-high-tests/src/test/java/com/bddinaction/flyinghigh/jbehave/AcceptanceTestSuite.java
/Users/john/Projects/OpenSource/thucydides/smoketests/flying-high-tests/target/generated-sources/groovy-stubs/test/com/bddinaction/flyinghigh/model/WhenManagingFrequentFlyerMemberStatusUpdates.java
/Users/john/Projects/OpenSource/thucydides/smoketests/flying-high-tests/src/test/java/com/bddinaction/flyinghigh/jbehave/BookingAFlight.java
/Users/john/Projects/OpenSource/thucydides/smoketests/flying-high-tests/src/test/java/com/bddinaction/flyinghigh/jbehave/steps/FeaturedDestinationSteps.java
/Users/john/Projects/OpenSource/thucydides/smoketests/flying-high-tests/src/test/java/com/bddinaction/flyinghigh/jbehave/steps/package-info.java
/Users/john/Projects/OpenSource/thucydides/smoketests/flying-high-tests/src/test/java/com/bddinaction/flyinghigh/jbehave/flowsteps/AuthenticationFlowSteps.java
/Users/john/Projects/OpenSource/thucydides/smoketests/flying-high-tests/src/test/java/com/bddinaction/flyinghigh/jbehave/pages/LoginPage.java
/Users/john/Projects/OpenSource/thucydides/smoketests/flying-high-tests/src/test/java/com/bddinaction/flyinghigh/jbehave/steps/persona/FrequentFlyerPersona.java
/Users/john/Projects/OpenSource/thucydides/smoketests/flying-high-tests/src/test/java/com/bddinaction/flyinghigh/jbehave/pages/components/MainMenu.java
/Users/john/Projects/OpenSource/thucydides/smoketests/flying-high-tests/src/test/java/com/bddinaction/flyinghigh/Application.java
/Users/john/Projects/OpenSource/thucydides/smoketests/flying-high-tests/src/test/java/com/bddinaction/flyinghigh/jbehave/DisplayingFlightDetails.java
